Archive member included because of file (symbol)

c:/winavr-20100110/bin/../lib/gcc/avr/4.3.3/avr5\libgcc.a(_udivmodsi4.o)
                              ./uart.o (__udivmodsi4)
c:/winavr-20100110/bin/../lib/gcc/avr/4.3.3/avr5\libgcc.a(_exit.o)
                              c:/winavr-20100110/bin/../lib/gcc/avr/4.3.3/../../../../avr/lib/avr5/crtm16.o (exit)
c:/winavr-20100110/bin/../lib/gcc/avr/4.3.3/avr5\libgcc.a(_copy_data.o)
                              ./delay.o (__do_copy_data)
c:/winavr-20100110/bin/../lib/gcc/avr/4.3.3/avr5\libgcc.a(_clear_bss.o)
                              ./delay.o (__do_clear_bss)
c:/winavr-20100110/bin/../lib/gcc/avr/4.3.3/../../../../avr/lib/avr5\libc.a(itoa.o)
                              ./lcd.o (itoa)
c:/winavr-20100110/bin/../lib/gcc/avr/4.3.3/../../../../avr/lib/avr5\libc.a(strrev.o)
                              c:/winavr-20100110/bin/../lib/gcc/avr/4.3.3/../../../../avr/lib/avr5\libc.a(itoa.o) (strrev)
c:/winavr-20100110/bin/../lib/gcc/avr/4.3.3/avr5\libgcc.a(_udivmodhi4.o)
                              c:/winavr-20100110/bin/../lib/gcc/avr/4.3.3/../../../../avr/lib/avr5\libc.a(itoa.o) (__udivmodhi4)

Allocating common symbols
Common symbol       size              file

password            0x5               ./door_locking_hmi.o
reEnteredPassword   0x5               ./door_locking_hmi.o
tryingPassword      0x5               ./door_locking_hmi.o

Memory Configuration

Name             Origin             Length             Attributes
text             0x00000000         0x00020000         xr
data             0x00800060         0x0000ffa0         rw !x
eeprom           0x00810000         0x00010000         rw !x
fuse             0x00820000         0x00000400         rw !x
lock             0x00830000         0x00000400         rw !x
signature        0x00840000         0x00000400         rw !x
*default*        0x00000000         0xffffffff

Linker script and memory map

LOAD c:/winavr-20100110/bin/../lib/gcc/avr/4.3.3/../../../../avr/lib/avr5/crtm16.o
LOAD ./delay.o
LOAD ./door_locking_hmi.o
LOAD ./gpio.o
LOAD ./keypad.o
LOAD ./lcd.o
LOAD ./timer.o
LOAD ./uart.o
LOAD c:/winavr-20100110/bin/../lib/gcc/avr/4.3.3/avr5\libgcc.a
LOAD c:/winavr-20100110/bin/../lib/gcc/avr/4.3.3/../../../../avr/lib/avr5\libc.a
LOAD c:/winavr-20100110/bin/../lib/gcc/avr/4.3.3/avr5\libgcc.a

.hash
 *(.hash)

.dynsym
 *(.dynsym)

.dynstr
 *(.dynstr)

.gnu.version
 *(.gnu.version)

.gnu.version_d
 *(.gnu.version_d)

.gnu.version_r
 *(.gnu.version_r)

.rel.init
 *(.rel.init)

.rela.init
 *(.rela.init)

.rel.text
 *(.rel.text)
 *(.rel.text.*)
 *(.rel.gnu.linkonce.t*)

.rela.text
 *(.rela.text)
 *(.rela.text.*)
 *(.rela.gnu.linkonce.t*)

.rel.fini
 *(.rel.fini)

.rela.fini
 *(.rela.fini)

.rel.rodata
 *(.rel.rodata)
 *(.rel.rodata.*)
 *(.rel.gnu.linkonce.r*)

.rela.rodata
 *(.rela.rodata)
 *(.rela.rodata.*)
 *(.rela.gnu.linkonce.r*)

.rel.data
 *(.rel.data)
 *(.rel.data.*)
 *(.rel.gnu.linkonce.d*)

.rela.data
 *(.rela.data)
 *(.rela.data.*)
 *(.rela.gnu.linkonce.d*)

.rel.ctors
 *(.rel.ctors)

.rela.ctors
 *(.rela.ctors)

.rel.dtors
 *(.rel.dtors)

.rela.dtors
 *(.rela.dtors)

.rel.got
 *(.rel.got)

.rela.got
 *(.rela.got)

.rel.bss
 *(.rel.bss)

.rela.bss
 *(.rela.bss)

.rel.plt
 *(.rel.plt)

.rela.plt
 *(.rela.plt)

.text           0x00000000     0x1b90
 *(.vectors)
 .vectors       0x00000000       0x54 c:/winavr-20100110/bin/../lib/gcc/avr/4.3.3/../../../../avr/lib/avr5/crtm16.o
                0x00000000                __vectors
                0x00000000                __vector_default
 *(.vectors)
 *(.progmem.gcc*)
 *(.progmem*)
                0x00000054                . = ALIGN (0x2)
                0x00000054                __trampolines_start = .
 *(.trampolines)
 .trampolines   0x00000054        0x0 linker stubs
 *(.trampolines*)
                0x00000054                __trampolines_end = .
 *(.jumptables)
 *(.jumptables*)
 *(.lowtext)
 *(.lowtext*)
                0x00000054                __ctors_start = .
 *(.ctors)
                0x00000054                __ctors_end = .
                0x00000054                __dtors_start = .
 *(.dtors)
                0x00000054                __dtors_end = .
 SORT(*)(.ctors)
 SORT(*)(.dtors)
 *(.init0)
 .init0         0x00000054        0x0 c:/winavr-20100110/bin/../lib/gcc/avr/4.3.3/../../../../avr/lib/avr5/crtm16.o
                0x00000054                __init
 *(.init0)
 *(.init1)
 *(.init1)
 *(.init2)
 .init2         0x00000054        0xc c:/winavr-20100110/bin/../lib/gcc/avr/4.3.3/../../../../avr/lib/avr5/crtm16.o
 *(.init2)
 *(.init3)
 *(.init3)
 *(.init4)
 .init4         0x00000060       0x16 c:/winavr-20100110/bin/../lib/gcc/avr/4.3.3/avr5\libgcc.a(_copy_data.o)
                0x00000060                __do_copy_data
 .init4         0x00000076       0x10 c:/winavr-20100110/bin/../lib/gcc/avr/4.3.3/avr5\libgcc.a(_clear_bss.o)
                0x00000076                __do_clear_bss
 *(.init4)
 *(.init5)
 *(.init5)
 *(.init6)
 *(.init6)
 *(.init7)
 *(.init7)
 *(.init8)
 *(.init8)
 *(.init9)
 .init9         0x00000086        0x8 c:/winavr-20100110/bin/../lib/gcc/avr/4.3.3/../../../../avr/lib/avr5/crtm16.o
 *(.init9)
 *(.text)
 .text          0x0000008e        0x4 c:/winavr-20100110/bin/../lib/gcc/avr/4.3.3/../../../../avr/lib/avr5/crtm16.o
                0x0000008e                __vector_1
                0x0000008e                __vector_12
                0x0000008e                __bad_interrupt
                0x0000008e                __vector_11
                0x0000008e                __vector_13
                0x0000008e                __vector_17
                0x0000008e                __vector_7
                0x0000008e                __vector_5
                0x0000008e                __vector_2
                0x0000008e                __vector_15
                0x0000008e                __vector_14
                0x0000008e                __vector_10
                0x0000008e                __vector_16
                0x0000008e                __vector_18
                0x0000008e                __vector_20
 .text          0x00000092        0x0 ./delay.o
 .text          0x00000092        0x0 ./door_locking_hmi.o
 .text          0x00000092        0x0 ./gpio.o
 .text          0x00000092        0x0 ./keypad.o
 .text          0x00000092        0x0 ./lcd.o
 .text          0x00000092        0x0 ./timer.o
 .text          0x00000092        0x0 ./uart.o
 .text          0x00000092        0x0 c:/winavr-20100110/bin/../lib/gcc/avr/4.3.3/avr5\libgcc.a(_udivmodsi4.o)
 .text          0x00000092        0x0 c:/winavr-20100110/bin/../lib/gcc/avr/4.3.3/avr5\libgcc.a(_exit.o)
 .text          0x00000092        0x0 c:/winavr-20100110/bin/../lib/gcc/avr/4.3.3/avr5\libgcc.a(_copy_data.o)
 .text          0x00000092        0x0 c:/winavr-20100110/bin/../lib/gcc/avr/4.3.3/avr5\libgcc.a(_clear_bss.o)
 .text          0x00000092        0x0 c:/winavr-20100110/bin/../lib/gcc/avr/4.3.3/../../../../avr/lib/avr5\libc.a(itoa.o)
 .text          0x00000092        0x0 c:/winavr-20100110/bin/../lib/gcc/avr/4.3.3/../../../../avr/lib/avr5\libc.a(strrev.o)
 .text          0x00000092        0x0 c:/winavr-20100110/bin/../lib/gcc/avr/4.3.3/avr5\libgcc.a(_udivmodhi4.o)
                0x00000092                . = ALIGN (0x2)
 *(.text.*)
 .text.timer1Tick
                0x00000092       0x34 ./delay.o
 .text.delay_ms
                0x000000c6       0xb8 ./delay.o
                0x000000c6                delay_ms
 .text.main     0x0000017e       0xac ./door_locking_hmi.o
                0x0000017e                main
 .text.getPassword
                0x0000022a       0x86 ./door_locking_hmi.o
                0x0000022a                getPassword
 .text.requestNewPassword
                0x000002b0       0xa8 ./door_locking_hmi.o
                0x000002b0                requestNewPassword
 .text.displayError
                0x00000358      0x130 ./door_locking_hmi.o
                0x00000358                displayError
 .text.checkNewPassword
                0x00000488       0xbc ./door_locking_hmi.o
                0x00000488                checkNewPassword
 .text.displayMainOptions
                0x00000544      0x1ac ./door_locking_hmi.o
                0x00000544                displayMainOptions
 .text.requestPassword
                0x000006f0       0x5e ./door_locking_hmi.o
                0x000006f0                requestPassword
 .text.checkPasswordLength
                0x0000074e       0x3a ./door_locking_hmi.o
                0x0000074e                checkPasswordLength
 .text.checkTryingPassword
                0x00000788       0x54 ./door_locking_hmi.o
                0x00000788                checkTryingPassword
 .text.GPIO_setupPinDirection
                0x000007dc      0x1d6 ./gpio.o
                0x000007dc                GPIO_setupPinDirection
 .text.GPIO_writePin
                0x000009b2      0x1d6 ./gpio.o
                0x000009b2                GPIO_writePin
 .text.GPIO_readPin
                0x00000b88      0x136 ./gpio.o
                0x00000b88                GPIO_readPin
 .text.GPIO_setupPortDirection
                0x00000cbe       0x88 ./gpio.o
                0x00000cbe                GPIO_setupPortDirection
 .text.GPIO_writePort
                0x00000d46       0x88 ./gpio.o
                0x00000d46                GPIO_writePort
 .text.GPIO_readPort
                0x00000dce       0x8a ./gpio.o
                0x00000dce                GPIO_readPort
 .text.KEYPAD_getPressedKey
                0x00000e58       0xa2 ./keypad.o
                0x00000e58                KEYPAD_getPressedKey
 .text.KEYPAD_4x4_adjustKeyNumber
                0x00000efa      0x14e ./keypad.o
 .text.LCD_init
                0x00001048       0x46 ./lcd.o
                0x00001048                LCD_init
 .text.LCD_sendCommand
                0x0000108e       0x78 ./lcd.o
                0x0000108e                LCD_sendCommand
 .text.LCD_displayCharacter
                0x00001106       0x78 ./lcd.o
                0x00001106                LCD_displayCharacter
 .text.LCD_displayString
                0x0000117e       0x52 ./lcd.o
                0x0000117e                LCD_displayString
 .text.LCD_moveCursor
                0x000011d0       0x84 ./lcd.o
                0x000011d0                LCD_moveCursor
 .text.LCD_displayStringRowColumn
                0x00001254       0x32 ./lcd.o
                0x00001254                LCD_displayStringRowColumn
 .text.LCD_intgerToString
                0x00001286       0x46 ./lcd.o
                0x00001286                LCD_intgerToString
 .text.LCD_clearScreen
                0x000012cc       0x14 ./lcd.o
                0x000012cc                LCD_clearScreen
 .text.TIMER_Init
                0x000012e0      0x204 ./timer.o
                0x000012e0                TIMER_Init
 .text.TIMER_setCallBack
                0x000014e4       0x72 ./timer.o
                0x000014e4                TIMER_setCallBack
 .text.TIMER_Deinit
                0x00001556       0x56 ./timer.o
                0x00001556                TIMER_Deinit
 .text.__vector_9
                0x000015ac       0x72 ./timer.o
                0x000015ac                __vector_9
 .text.__vector_19
                0x0000161e       0x74 ./timer.o
                0x0000161e                __vector_19
 .text.__vector_8
                0x00001692       0x74 ./timer.o
                0x00001692                __vector_8
 .text.__vector_6
                0x00001706       0x74 ./timer.o
                0x00001706                __vector_6
 .text.__vector_4
                0x0000177a       0x74 ./timer.o
                0x0000177a                __vector_4
 .text.__vector_3
                0x000017ee       0x74 ./timer.o
                0x000017ee                __vector_3
 .text.UART_init
                0x00001862      0x138 ./uart.o
                0x00001862                UART_init
 .text.UART_sendByte
                0x0000199a       0x2e ./uart.o
                0x0000199a                UART_sendByte
 .text.UART_recieveByte
                0x000019c8       0x1e ./uart.o
                0x000019c8                UART_recieveByte
 .text.UART_sendString
                0x000019e6       0x52 ./uart.o
                0x000019e6                UART_sendString
 .text.UART_receiveString
                0x00001a38       0x86 ./uart.o
                0x00001a38                UART_receiveString
 .text.libgcc   0x00001abe       0x44 c:/winavr-20100110/bin/../lib/gcc/avr/4.3.3/avr5\libgcc.a(_udivmodsi4.o)
                0x00001abe                __udivmodsi4
 .text.libgcc   0x00001b02        0x0 c:/winavr-20100110/bin/../lib/gcc/avr/4.3.3/avr5\libgcc.a(_exit.o)
 .text.libgcc   0x00001b02        0x0 c:/winavr-20100110/bin/../lib/gcc/avr/4.3.3/avr5\libgcc.a(_copy_data.o)
 .text.libgcc   0x00001b02        0x0 c:/winavr-20100110/bin/../lib/gcc/avr/4.3.3/avr5\libgcc.a(_clear_bss.o)
 .text.avr-libc
                0x00001b02       0x42 c:/winavr-20100110/bin/../lib/gcc/avr/4.3.3/../../../../avr/lib/avr5\libc.a(itoa.o)
                0x00001b02                itoa
 .text.avr-libc
                0x00001b44       0x20 c:/winavr-20100110/bin/../lib/gcc/avr/4.3.3/../../../../avr/lib/avr5\libc.a(strrev.o)
                0x00001b44                strrev
 .text.libgcc   0x00001b64       0x28 c:/winavr-20100110/bin/../lib/gcc/avr/4.3.3/avr5\libgcc.a(_udivmodhi4.o)
                0x00001b64                __udivmodhi4
                0x00001b8c                . = ALIGN (0x2)
 *(.fini9)
 .fini9         0x00001b8c        0x0 c:/winavr-20100110/bin/../lib/gcc/avr/4.3.3/avr5\libgcc.a(_exit.o)
                0x00001b8c                exit
                0x00001b8c                _exit
 *(.fini9)
 *(.fini8)
 *(.fini8)
 *(.fini7)
 *(.fini7)
 *(.fini6)
 *(.fini6)
 *(.fini5)
 *(.fini5)
 *(.fini4)
 *(.fini4)
 *(.fini3)
 *(.fini3)
 *(.fini2)
 *(.fini2)
 *(.fini1)
 *(.fini1)
 *(.fini0)
 .fini0         0x00001b8c        0x4 c:/winavr-20100110/bin/../lib/gcc/avr/4.3.3/avr5\libgcc.a(_exit.o)
 *(.fini0)
                0x00001b90                _etext = .

.data           0x00800060       0xc8 load address 0x00001b90
                0x00800060                PROVIDE (__data_start, .)
 *(.data)
 .data          0x00800060        0x0 c:/winavr-20100110/bin/../lib/gcc/avr/4.3.3/../../../../avr/lib/avr5/crtm16.o
 .data          0x00800060        0x0 ./delay.o
 .data          0x00800060       0xbb ./door_locking_hmi.o
 .data          0x0080011b        0x0 ./gpio.o
 .data          0x0080011b        0x0 ./keypad.o
 .data          0x0080011b        0x0 ./lcd.o
 .data          0x0080011b        0x0 ./timer.o
 .data          0x0080011b        0x0 ./uart.o
 .data          0x0080011b        0x0 c:/winavr-20100110/bin/../lib/gcc/avr/4.3.3/avr5\libgcc.a(_udivmodsi4.o)
 .data          0x0080011b        0x0 c:/winavr-20100110/bin/../lib/gcc/avr/4.3.3/avr5\libgcc.a(_exit.o)
 .data          0x0080011b        0x0 c:/winavr-20100110/bin/../lib/gcc/avr/4.3.3/avr5\libgcc.a(_copy_data.o)
 .data          0x0080011b        0x0 c:/winavr-20100110/bin/../lib/gcc/avr/4.3.3/avr5\libgcc.a(_clear_bss.o)
 .data          0x0080011b        0x0 c:/winavr-20100110/bin/../lib/gcc/avr/4.3.3/../../../../avr/lib/avr5\libc.a(itoa.o)
 .data          0x0080011b        0x0 c:/winavr-20100110/bin/../lib/gcc/avr/4.3.3/../../../../avr/lib/avr5\libc.a(strrev.o)
 .data          0x0080011b        0x0 c:/winavr-20100110/bin/../lib/gcc/avr/4.3.3/avr5\libgcc.a(_udivmodhi4.o)
 *(.data*)
 *(.rodata)
 *(.rodata*)
 .rodata.C.2.1237
                0x0080011b        0x7 ./delay.o
 .rodata.C.0.1346
                0x00800122        0x5 ./door_locking_hmi.o
 *(.gnu.linkonce.d*)
                0x00800128                . = ALIGN (0x2)
 *fill*         0x00800127        0x1 00
                0x00800128                _edata = .
                0x00800128                PROVIDE (__data_end, .)

.bss            0x00800128       0x19
                0x00800128                PROVIDE (__bss_start, .)
 *(.bss)
 .bss           0x00800128        0x0 c:/winavr-20100110/bin/../lib/gcc/avr/4.3.3/../../../../avr/lib/avr5/crtm16.o
 .bss           0x00800128        0x0 ./delay.o
 .bss           0x00800128        0x0 ./door_locking_hmi.o
 .bss           0x00800128        0x0 ./gpio.o
 .bss           0x00800128        0x0 ./keypad.o
 .bss           0x00800128        0x0 ./lcd.o
 .bss           0x00800128        0x0 ./timer.o
 .bss           0x00800128        0x0 ./uart.o
 .bss           0x00800128        0x0 c:/winavr-20100110/bin/../lib/gcc/avr/4.3.3/avr5\libgcc.a(_udivmodsi4.o)
 .bss           0x00800128        0x0 c:/winavr-20100110/bin/../lib/gcc/avr/4.3.3/avr5\libgcc.a(_exit.o)
 .bss           0x00800128        0x0 c:/winavr-20100110/bin/../lib/gcc/avr/4.3.3/avr5\libgcc.a(_copy_data.o)
 .bss           0x00800128        0x0 c:/winavr-20100110/bin/../lib/gcc/avr/4.3.3/avr5\libgcc.a(_clear_bss.o)
 .bss           0x00800128        0x0 c:/winavr-20100110/bin/../lib/gcc/avr/4.3.3/../../../../avr/lib/avr5\libc.a(itoa.o)
 .bss           0x00800128        0x0 c:/winavr-20100110/bin/../lib/gcc/avr/4.3.3/../../../../avr/lib/avr5\libc.a(strrev.o)
 .bss           0x00800128        0x0 c:/winavr-20100110/bin/../lib/gcc/avr/4.3.3/avr5\libgcc.a(_udivmodhi4.o)
 *(.bss*)
 .bss.g_timer1Tick
                0x00800128        0x4 ./delay.o
 .bss.g_timer0CallBackPtr
                0x0080012c        0x2 ./timer.o
 .bss.g_timer1CallBackPtr
                0x0080012e        0x2 ./timer.o
 .bss.g_timer2CallBackPtr
                0x00800130        0x2 ./timer.o
 *(COMMON)
 COMMON         0x00800132        0xf ./door_locking_hmi.o
                0x00800132                password
                0x00800137                reEnteredPassword
                0x0080013c                tryingPassword
                0x00800141                PROVIDE (__bss_end, .)
                0x00001b90                __data_load_start = LOADADDR (.data)
                0x00001c58                __data_load_end = (__data_load_start + SIZEOF (.data))

.noinit         0x00800141        0x0
                0x00800141                PROVIDE (__noinit_start, .)
 *(.noinit*)
                0x00800141                PROVIDE (__noinit_end, .)
                0x00800141                _end = .
                0x00800141                PROVIDE (__heap_start, .)

.eeprom         0x00810000        0x0
 *(.eeprom*)
                0x00810000                __eeprom_end = .

.fuse
 *(.fuse)
 *(.lfuse)
 *(.hfuse)
 *(.efuse)

.lock
 *(.lock*)

.signature
 *(.signature*)

.stab           0x00000000     0x2a0c
 *(.stab)
 .stab          0x00000000      0x2dc ./delay.o
 .stab          0x000002dc     0x1014 ./door_locking_hmi.o
                               0x10bc (size before relaxing)
 .stab          0x000012f0      0x5e8 ./gpio.o
                                0x870 (size before relaxing)
 .stab          0x000018d8      0x330 ./keypad.o
                                0x408 (size before relaxing)
 .stab          0x00001c08      0x534 ./lcd.o
                                0x618 (size before relaxing)
 .stab          0x0000213c      0x528 ./timer.o
                                0x7d4 (size before relaxing)
 .stab          0x00002664      0x3a8 ./uart.o
                                0x654 (size before relaxing)

.stabstr        0x00000000     0x1347
 *(.stabstr)
 .stabstr       0x00000000     0x1347 ./delay.o

.stab.excl
 *(.stab.excl)

.stab.exclstr
 *(.stab.exclstr)

.stab.index
 *(.stab.index)

.stab.indexstr
 *(.stab.indexstr)

.comment
 *(.comment)

.debug
 *(.debug)

.line
 *(.line)

.debug_srcinfo
 *(.debug_srcinfo)

.debug_sfnames
 *(.debug_sfnames)

.debug_aranges
 *(.debug_aranges)

.debug_pubnames
 *(.debug_pubnames)

.debug_info
 *(.debug_info)
 *(.gnu.linkonce.wi.*)

.debug_abbrev
 *(.debug_abbrev)

.debug_line
 *(.debug_line)

.debug_frame
 *(.debug_frame)

.debug_str
 *(.debug_str)

.debug_loc
 *(.debug_loc)

.debug_macinfo
 *(.debug_macinfo)
OUTPUT(HMI_MCU.elf elf32-avr)
LOAD linker stubs
