Archive member included because of file (symbol)

c:/winavr-20100110/bin/../lib/gcc/avr/4.3.3/avr5\libgcc.a(_udivmodsi4.o)
                              ./twi.o (__udivmodsi4)
c:/winavr-20100110/bin/../lib/gcc/avr/4.3.3/avr5\libgcc.a(_exit.o)
                              c:/winavr-20100110/bin/../lib/gcc/avr/4.3.3/../../../../avr/lib/avr5/crtm16.o (exit)
c:/winavr-20100110/bin/../lib/gcc/avr/4.3.3/avr5\libgcc.a(_copy_data.o)
                              ./delay.o (__do_copy_data)
c:/winavr-20100110/bin/../lib/gcc/avr/4.3.3/avr5\libgcc.a(_clear_bss.o)
                              ./delay.o (__do_clear_bss)

Memory Configuration

Name             Origin             Length             Attributes
text             0x00000000         0x00020000         xr
data             0x00800060         0x0000ffa0         rw !x
eeprom           0x00810000         0x00010000         rw !x
fuse             0x00820000         0x00000400         rw !x
lock             0x00830000         0x00000400         rw !x
signature        0x00840000         0x00000400         rw !x
*default*        0x00000000         0xffffffff

Linker script and memory map

LOAD c:/winavr-20100110/bin/../lib/gcc/avr/4.3.3/../../../../avr/lib/avr5/crtm16.o
LOAD ./buzzer.o
LOAD ./dc_motor.o
LOAD ./delay.o
LOAD ./door_locking_control.o
LOAD ./external_eeprom.o
LOAD ./gpio.o
LOAD ./timer.o
LOAD ./twi.o
LOAD ./uart.o
LOAD c:/winavr-20100110/bin/../lib/gcc/avr/4.3.3/avr5\libgcc.a
LOAD c:/winavr-20100110/bin/../lib/gcc/avr/4.3.3/../../../../avr/lib/avr5\libc.a
LOAD c:/winavr-20100110/bin/../lib/gcc/avr/4.3.3/avr5\libgcc.a

.hash
 *(.hash)

.dynsym
 *(.dynsym)

.dynstr
 *(.dynstr)

.gnu.version
 *(.gnu.version)

.gnu.version_d
 *(.gnu.version_d)

.gnu.version_r
 *(.gnu.version_r)

.rel.init
 *(.rel.init)

.rela.init
 *(.rela.init)

.rel.text
 *(.rel.text)
 *(.rel.text.*)
 *(.rel.gnu.linkonce.t*)

.rela.text
 *(.rela.text)
 *(.rela.text.*)
 *(.rela.gnu.linkonce.t*)

.rel.fini
 *(.rel.fini)

.rela.fini
 *(.rela.fini)

.rel.rodata
 *(.rel.rodata)
 *(.rel.rodata.*)
 *(.rel.gnu.linkonce.r*)

.rela.rodata
 *(.rela.rodata)
 *(.rela.rodata.*)
 *(.rela.gnu.linkonce.r*)

.rel.data
 *(.rel.data)
 *(.rel.data.*)
 *(.rel.gnu.linkonce.d*)

.rela.data
 *(.rela.data)
 *(.rela.data.*)
 *(.rela.gnu.linkonce.d*)

.rel.ctors
 *(.rel.ctors)

.rela.ctors
 *(.rela.ctors)

.rel.dtors
 *(.rel.dtors)

.rela.dtors
 *(.rela.dtors)

.rel.got
 *(.rel.got)

.rela.got
 *(.rela.got)

.rel.bss
 *(.rel.bss)

.rela.bss
 *(.rela.bss)

.rel.plt
 *(.rel.plt)

.rela.plt
 *(.rela.plt)

.text           0x00000000     0x1860
 *(.vectors)
 .vectors       0x00000000       0x54 c:/winavr-20100110/bin/../lib/gcc/avr/4.3.3/../../../../avr/lib/avr5/crtm16.o
                0x00000000                __vectors
                0x00000000                __vector_default
 *(.vectors)
 *(.progmem.gcc*)
 *(.progmem*)
                0x00000054                . = ALIGN (0x2)
                0x00000054                __trampolines_start = .
 *(.trampolines)
 .trampolines   0x00000054        0x0 linker stubs
 *(.trampolines*)
                0x00000054                __trampolines_end = .
 *(.jumptables)
 *(.jumptables*)
 *(.lowtext)
 *(.lowtext*)
                0x00000054                __ctors_start = .
 *(.ctors)
                0x00000054                __ctors_end = .
                0x00000054                __dtors_start = .
 *(.dtors)
                0x00000054                __dtors_end = .
 SORT(*)(.ctors)
 SORT(*)(.dtors)
 *(.init0)
 .init0         0x00000054        0x0 c:/winavr-20100110/bin/../lib/gcc/avr/4.3.3/../../../../avr/lib/avr5/crtm16.o
                0x00000054                __init
 *(.init0)
 *(.init1)
 *(.init1)
 *(.init2)
 .init2         0x00000054        0xc c:/winavr-20100110/bin/../lib/gcc/avr/4.3.3/../../../../avr/lib/avr5/crtm16.o
 *(.init2)
 *(.init3)
 *(.init3)
 *(.init4)
 .init4         0x00000060       0x16 c:/winavr-20100110/bin/../lib/gcc/avr/4.3.3/avr5\libgcc.a(_copy_data.o)
                0x00000060                __do_copy_data
 .init4         0x00000076       0x10 c:/winavr-20100110/bin/../lib/gcc/avr/4.3.3/avr5\libgcc.a(_clear_bss.o)
                0x00000076                __do_clear_bss
 *(.init4)
 *(.init5)
 *(.init5)
 *(.init6)
 *(.init6)
 *(.init7)
 *(.init7)
 *(.init8)
 *(.init8)
 *(.init9)
 .init9         0x00000086        0x8 c:/winavr-20100110/bin/../lib/gcc/avr/4.3.3/../../../../avr/lib/avr5/crtm16.o
 *(.init9)
 *(.text)
 .text          0x0000008e        0x4 c:/winavr-20100110/bin/../lib/gcc/avr/4.3.3/../../../../avr/lib/avr5/crtm16.o
                0x0000008e                __vector_1
                0x0000008e                __vector_12
                0x0000008e                __bad_interrupt
                0x0000008e                __vector_11
                0x0000008e                __vector_13
                0x0000008e                __vector_17
                0x0000008e                __vector_7
                0x0000008e                __vector_5
                0x0000008e                __vector_2
                0x0000008e                __vector_15
                0x0000008e                __vector_14
                0x0000008e                __vector_10
                0x0000008e                __vector_16
                0x0000008e                __vector_18
                0x0000008e                __vector_20
 .text          0x00000092        0x0 ./buzzer.o
 .text          0x00000092        0x0 ./dc_motor.o
 .text          0x00000092        0x0 ./delay.o
 .text          0x00000092        0x0 ./door_locking_control.o
 .text          0x00000092        0x0 ./external_eeprom.o
 .text          0x00000092        0x0 ./gpio.o
 .text          0x00000092        0x0 ./timer.o
 .text          0x00000092        0x0 ./twi.o
 .text          0x00000092        0x0 ./uart.o
 .text          0x00000092        0x0 c:/winavr-20100110/bin/../lib/gcc/avr/4.3.3/avr5\libgcc.a(_udivmodsi4.o)
 .text          0x00000092        0x0 c:/winavr-20100110/bin/../lib/gcc/avr/4.3.3/avr5\libgcc.a(_exit.o)
 .text          0x00000092        0x0 c:/winavr-20100110/bin/../lib/gcc/avr/4.3.3/avr5\libgcc.a(_copy_data.o)
 .text          0x00000092        0x0 c:/winavr-20100110/bin/../lib/gcc/avr/4.3.3/avr5\libgcc.a(_clear_bss.o)
                0x00000092                . = ALIGN (0x2)
 *(.text.*)
 .text.BUZZER_Init
                0x00000092       0x18 ./buzzer.o
                0x00000092                BUZZER_Init
 .text.BUZZER_On
                0x000000aa       0x18 ./buzzer.o
                0x000000aa                BUZZER_On
 .text.BUZZER_Off
                0x000000c2       0x18 ./buzzer.o
                0x000000c2                BUZZER_Off
 .text.DcMotor_Init
                0x000000da       0x36 ./dc_motor.o
                0x000000da                DcMotor_Init
 .text.DcMotor_Rotate
                0x00000110       0x80 ./dc_motor.o
                0x00000110                DcMotor_Rotate
 .text.timer1Tick
                0x00000190       0x34 ./delay.o
 .text.delay_ms
                0x000001c4       0xb8 ./delay.o
                0x000001c4                delay_ms
 .text.main     0x0000027c       0xaa ./door_locking_control.o
                0x0000027c                main
 .text.performCommand
                0x00000326       0xb0 ./door_locking_control.o
                0x00000326                performCommand
 .text.checkNewPassword
                0x000003d6       0xe0 ./door_locking_control.o
                0x000003d6                checkNewPassword
 .text.checkPasswordLength
                0x000004b6       0x3a ./door_locking_control.o
                0x000004b6                checkPasswordLength
 .text.savePassword
                0x000004f0       0x72 ./door_locking_control.o
                0x000004f0                savePassword
 .text.checkSavedPassword
                0x00000562       0x30 ./door_locking_control.o
                0x00000562                checkSavedPassword
 .text.eraseSavedPassword
                0x00000592       0x24 ./door_locking_control.o
                0x00000592                eraseSavedPassword
 .text.checkPassword
                0x000005b6       0xdc ./door_locking_control.o
                0x000005b6                checkPassword
 .text.openDoor
                0x00000692       0x14 ./door_locking_control.o
                0x00000692                openDoor
 .text.closeDoor
                0x000006a6       0x14 ./door_locking_control.o
                0x000006a6                closeDoor
 .text.stopDoor
                0x000006ba       0x14 ./door_locking_control.o
                0x000006ba                stopDoor
 .text.EEPROM_init
                0x000006ce       0x6e ./external_eeprom.o
                0x000006ce                EEPROM_init
 .text.EEPROM_writeByte
                0x0000073c       0x82 ./external_eeprom.o
                0x0000073c                EEPROM_writeByte
 .text.EEPROM_readByte
                0x000007be       0xc0 ./external_eeprom.o
                0x000007be                EEPROM_readByte
 .text.GPIO_setupPinDirection
                0x0000087e      0x1d6 ./gpio.o
                0x0000087e                GPIO_setupPinDirection
 .text.GPIO_writePin
                0x00000a54      0x1d6 ./gpio.o
                0x00000a54                GPIO_writePin
 .text.GPIO_readPin
                0x00000c2a      0x136 ./gpio.o
                0x00000c2a                GPIO_readPin
 .text.GPIO_setupPortDirection
                0x00000d60       0x88 ./gpio.o
                0x00000d60                GPIO_setupPortDirection
 .text.GPIO_writePort
                0x00000de8       0x88 ./gpio.o
                0x00000de8                GPIO_writePort
 .text.GPIO_readPort
                0x00000e70       0x8a ./gpio.o
                0x00000e70                GPIO_readPort
 .text.TIMER_Init
                0x00000efa      0x204 ./timer.o
                0x00000efa                TIMER_Init
 .text.TIMER_setCallBack
                0x000010fe       0x72 ./timer.o
                0x000010fe                TIMER_setCallBack
 .text.TIMER_Deinit
                0x00001170       0x56 ./timer.o
                0x00001170                TIMER_Deinit
 .text.__vector_9
                0x000011c6       0x72 ./timer.o
                0x000011c6                __vector_9
 .text.__vector_19
                0x00001238       0x74 ./timer.o
                0x00001238                __vector_19
 .text.__vector_8
                0x000012ac       0x74 ./timer.o
                0x000012ac                __vector_8
 .text.__vector_6
                0x00001320       0x74 ./timer.o
                0x00001320                __vector_6
 .text.__vector_4
                0x00001394       0x74 ./timer.o
                0x00001394                __vector_4
 .text.__vector_3
                0x00001408       0x74 ./timer.o
                0x00001408                __vector_3
 .text.TWI_init
                0x0000147c       0x72 ./twi.o
                0x0000147c                TWI_init
 .text.TWI_start
                0x000014ee       0x20 ./twi.o
                0x000014ee                TWI_start
 .text.TWI_stop
                0x0000150e       0x16 ./twi.o
                0x0000150e                TWI_stop
 .text.TWI_writeByte
                0x00001524       0x2e ./twi.o
                0x00001524                TWI_writeByte
 .text.TWI_readByteWithACK
                0x00001552       0x26 ./twi.o
                0x00001552                TWI_readByteWithACK
 .text.TWI_readByteWithNACK
                0x00001578       0x26 ./twi.o
                0x00001578                TWI_readByteWithNACK
 .text.TWI_getStatus
                0x0000159e       0x1e ./twi.o
                0x0000159e                TWI_getStatus
 .text.UART_init
                0x000015bc      0x138 ./uart.o
                0x000015bc                UART_init
 .text.UART_sendByte
                0x000016f4       0x2e ./uart.o
                0x000016f4                UART_sendByte
 .text.UART_recieveByte
                0x00001722       0x1e ./uart.o
                0x00001722                UART_recieveByte
 .text.UART_sendString
                0x00001740       0x52 ./uart.o
                0x00001740                UART_sendString
 .text.UART_receiveString
                0x00001792       0x86 ./uart.o
                0x00001792                UART_receiveString
 .text.libgcc   0x00001818       0x44 c:/winavr-20100110/bin/../lib/gcc/avr/4.3.3/avr5\libgcc.a(_udivmodsi4.o)
                0x00001818                __udivmodsi4
 .text.libgcc   0x0000185c        0x0 c:/winavr-20100110/bin/../lib/gcc/avr/4.3.3/avr5\libgcc.a(_exit.o)
 .text.libgcc   0x0000185c        0x0 c:/winavr-20100110/bin/../lib/gcc/avr/4.3.3/avr5\libgcc.a(_copy_data.o)
 .text.libgcc   0x0000185c        0x0 c:/winavr-20100110/bin/../lib/gcc/avr/4.3.3/avr5\libgcc.a(_clear_bss.o)
                0x0000185c                . = ALIGN (0x2)
 *(.fini9)
 .fini9         0x0000185c        0x0 c:/winavr-20100110/bin/../lib/gcc/avr/4.3.3/avr5\libgcc.a(_exit.o)
                0x0000185c                exit
                0x0000185c                _exit
 *(.fini9)
 *(.fini8)
 *(.fini8)
 *(.fini7)
 *(.fini7)
 *(.fini6)
 *(.fini6)
 *(.fini5)
 *(.fini5)
 *(.fini4)
 *(.fini4)
 *(.fini3)
 *(.fini3)
 *(.fini2)
 *(.fini2)
 *(.fini1)
 *(.fini1)
 *(.fini0)
 .fini0         0x0000185c        0x4 c:/winavr-20100110/bin/../lib/gcc/avr/4.3.3/avr5\libgcc.a(_exit.o)
 *(.fini0)
                0x00001860                _etext = .

.data           0x00800060       0x12 load address 0x00001860
                0x00800060                PROVIDE (__data_start, .)
 *(.data)
 .data          0x00800060        0x0 c:/winavr-20100110/bin/../lib/gcc/avr/4.3.3/../../../../avr/lib/avr5/crtm16.o
 .data          0x00800060        0x0 ./buzzer.o
 .data          0x00800060        0x0 ./dc_motor.o
 .data          0x00800060        0x0 ./delay.o
 .data          0x00800060        0x0 ./door_locking_control.o
 .data          0x00800060        0x0 ./external_eeprom.o
 .data          0x00800060        0x0 ./gpio.o
 .data          0x00800060        0x0 ./timer.o
 .data          0x00800060        0x0 ./twi.o
 .data          0x00800060        0x0 ./uart.o
 .data          0x00800060        0x0 c:/winavr-20100110/bin/../lib/gcc/avr/4.3.3/avr5\libgcc.a(_udivmodsi4.o)
 .data          0x00800060        0x0 c:/winavr-20100110/bin/../lib/gcc/avr/4.3.3/avr5\libgcc.a(_exit.o)
 .data          0x00800060        0x0 c:/winavr-20100110/bin/../lib/gcc/avr/4.3.3/avr5\libgcc.a(_copy_data.o)
 .data          0x00800060        0x0 c:/winavr-20100110/bin/../lib/gcc/avr/4.3.3/avr5\libgcc.a(_clear_bss.o)
 *(.data*)
 *(.rodata)
 *(.rodata*)
 .rodata.C.2.1237
                0x00800060        0x7 ./delay.o
 .rodata.C.0.1336
                0x00800067        0x5 ./door_locking_control.o
 .rodata.C.0.1219
                0x0080006c        0x5 ./external_eeprom.o
 *(.gnu.linkonce.d*)
                0x00800072                . = ALIGN (0x2)
 *fill*         0x00800071        0x1 00
                0x00800072                _edata = .
                0x00800072                PROVIDE (__data_end, .)

.bss            0x00800072        0xa
                0x00800072                PROVIDE (__bss_start, .)
 *(.bss)
 .bss           0x00800072        0x0 c:/winavr-20100110/bin/../lib/gcc/avr/4.3.3/../../../../avr/lib/avr5/crtm16.o
 .bss           0x00800072        0x0 ./buzzer.o
 .bss           0x00800072        0x0 ./dc_motor.o
 .bss           0x00800072        0x0 ./delay.o
 .bss           0x00800072        0x0 ./door_locking_control.o
 .bss           0x00800072        0x0 ./external_eeprom.o
 .bss           0x00800072        0x0 ./gpio.o
 .bss           0x00800072        0x0 ./timer.o
 .bss           0x00800072        0x0 ./twi.o
 .bss           0x00800072        0x0 ./uart.o
 .bss           0x00800072        0x0 c:/winavr-20100110/bin/../lib/gcc/avr/4.3.3/avr5\libgcc.a(_udivmodsi4.o)
 .bss           0x00800072        0x0 c:/winavr-20100110/bin/../lib/gcc/avr/4.3.3/avr5\libgcc.a(_exit.o)
 .bss           0x00800072        0x0 c:/winavr-20100110/bin/../lib/gcc/avr/4.3.3/avr5\libgcc.a(_copy_data.o)
 .bss           0x00800072        0x0 c:/winavr-20100110/bin/../lib/gcc/avr/4.3.3/avr5\libgcc.a(_clear_bss.o)
 *(.bss*)
 .bss.g_timer1Tick
                0x00800072        0x4 ./delay.o
 .bss.g_timer0CallBackPtr
                0x00800076        0x2 ./timer.o
 .bss.g_timer1CallBackPtr
                0x00800078        0x2 ./timer.o
 .bss.g_timer2CallBackPtr
                0x0080007a        0x2 ./timer.o
 *(COMMON)
                0x0080007c                PROVIDE (__bss_end, .)
                0x00001860                __data_load_start = LOADADDR (.data)
                0x00001872                __data_load_end = (__data_load_start + SIZEOF (.data))

.noinit         0x0080007c        0x0
                0x0080007c                PROVIDE (__noinit_start, .)
 *(.noinit*)
                0x0080007c                PROVIDE (__noinit_end, .)
                0x0080007c                _end = .
                0x0080007c                PROVIDE (__heap_start, .)

.eeprom         0x00810000        0x0
 *(.eeprom*)
                0x00810000                __eeprom_end = .

.fuse
 *(.fuse)
 *(.lfuse)
 *(.hfuse)
 *(.efuse)

.lock
 *(.lock*)

.signature
 *(.signature*)

.stab           0x00000000     0x26a0
 *(.stab)
 .stab          0x00000000      0x45c ./buzzer.o
 .stab          0x0000045c      0x1f8 ./dc_motor.o
                                0x2d0 (size before relaxing)
 .stab          0x00000654      0x240 ./delay.o
                                0x2dc (size before relaxing)
 .stab          0x00000894      0x888 ./door_locking_control.o
                                0xb34 (size before relaxing)
 .stab          0x0000111c      0x390 ./external_eeprom.o
                                0x42c (size before relaxing)
 .stab          0x000014ac      0x5e8 ./gpio.o
                                0x870 (size before relaxing)
 .stab          0x00001a94      0x528 ./timer.o
                                0x7d4 (size before relaxing)
 .stab          0x00001fbc      0x33c ./twi.o
                                0x5a0 (size before relaxing)
 .stab          0x000022f8      0x3a8 ./uart.o
                                0x654 (size before relaxing)

.stabstr        0x00000000     0x1309
 *(.stabstr)
 .stabstr       0x00000000     0x1309 ./buzzer.o

.stab.excl
 *(.stab.excl)

.stab.exclstr
 *(.stab.exclstr)

.stab.index
 *(.stab.index)

.stab.indexstr
 *(.stab.indexstr)

.comment
 *(.comment)

.debug
 *(.debug)

.line
 *(.line)

.debug_srcinfo
 *(.debug_srcinfo)

.debug_sfnames
 *(.debug_sfnames)

.debug_aranges
 *(.debug_aranges)

.debug_pubnames
 *(.debug_pubnames)

.debug_info
 *(.debug_info)
 *(.gnu.linkonce.wi.*)

.debug_abbrev
 *(.debug_abbrev)

.debug_line
 *(.debug_line)

.debug_frame
 *(.debug_frame)

.debug_str
 *(.debug_str)

.debug_loc
 *(.debug_loc)

.debug_macinfo
 *(.debug_macinfo)
OUTPUT(CONTROL_MCU.elf elf32-avr)
LOAD linker stubs
